// Jest Snapshot v1, https://goo.gl/fbAQLP

exports[`receiving partner filter component test renders as expected, using balances from state 1`] = `
<div class="v-input v-input--is-label-active v-input--is-dirty v-input--dense theme--light v-text-field v-select v-autocomplete">
  <div class="v-input__control">
    <div role="combobox" aria-haspopup="listbox" aria-expanded="false" aria-owns="list-5" class="v-input__slot">
      <div class="v-select__slot"><label for="balance-filter" class="v-label v-label--active theme--light" style="left: 0px; position: absolute;">Balance</label><input id="balance-filter" type="text" autocomplete="off">
        <div class="v-input__append-inner">
          <div class="v-input__icon v-input__icon--append"><i aria-hidden="true" class="v-icon notranslate mdi mdi-menu-down theme--light"></i></div>
        </div><input type="hidden">
      </div>
      <div class="v-menu">
        <!---->
      </div>
    </div>
    <div class="v-text-field__details">
      <div class="v-messages theme--light">
        <transition-group-stub tag="div" name="message-transition" class="v-messages__wrapper"></transition-group-stub>
      </div>
    </div>
  </div>
</div>
`;
